root=<home>/.cow version=
source=cowagent name="CowAgent" profile="" running=false
summary: 6 providers · model · soul · instructions · 2 memories · 2 notes · 1 skill · 2 MCP servers · 4 schedules · 1 role · Telegram · Feishu

[provider] provider:openai "OpenAI" status=ready selected=true secret
  provider: id=openai kind=openai base_url=https://api.openai.com/v1 key=••••0005 models=[] headers={}

[provider] provider:anthropic "Anthropic" status=ready selected=true secret
  detail: claude-sonnet-4-6
  provider: id=anthropic kind=anthropic base_url=https://api.anthropic.com/v1 key=••••0001 models=[claude-sonnet-4-6] headers={}

[provider] provider:deepseek "DeepSeek" status=ready selected=true secret
  provider: id=deepseek kind=openai-compatible base_url=https://api.deepseek.com key=••••0002 models=[] headers={}

[provider] provider:zhipu-ai "Zhipu AI" status=ready selected=true secret
  provider: id=zhipu-ai kind=openai-compatible base_url=https://open.bigmodel.cn/api/paas/v4 key=••••0003 models=[] headers={}

[provider] provider:my-gateway "My Gateway" status=ready selected=true secret
  detail: gw-large
  provider: id=my-gateway kind=openai-compatible base_url=https://gw.example.com/v1 key=••••0004 models=[gw-large] headers={}

[provider] provider:baidu-wenxin-legacy "Baidu Wenxin (legacy)" status=unsupported selected=false
  reason: signature-based login Antares does not support; use an API key provider

[model] model:default "anthropic / claude-sonnet-4-6" status=ready selected=true
  model: provider=anthropic model=claude-sonnet-4-6 fallback=[]

[soul] soul:file "SOUL.md" status=ready selected=true
  detail: from CowAgent AGENT.md · 94 chars
  text: from=CowAgent AGENT.md sha=35e6decd85c1

[agents_md] agents_md:file "AGENTS.md" status=ready selected=true
  detail: from CowAgent RULE.md · 78 chars
  text: from=CowAgent RULE.md sha=33af21d0f505

[memory] memory:78928fecdc60 "2026-09-01: Eno switched to a standing desk." status=ready selected=true
  memory: scope=global key=2026-09-01-eno-switched-to-a-standing-desk tags=[import:cowagent memory-md-long-term-memory]

[memory] memory:dee4c076da4f "Eno's sister is called Rina." status=ready selected=true
  memory: scope=global key=eno-s-sister-is-called-rina tags=[import:cowagent memory-md-long-term-memory]

[knowledge] knowledge:memory/2026-09-30.md "memory/2026-09-30.md" status=ready selected=true
  detail: 43 chars
  knowledge: path=memory/2026-09-30.md sha=ef0fbd511c56

[knowledge] knowledge:knowledge/projects/antares.md "knowledge/projects/antares.md" status=ready selected=true
  detail: 42 chars
  knowledge: path=knowledge/projects/antares.md sha=67a8caf68d73

[skill] skill:bocha-search "bocha-search" status=ready selected=true
  detail: Web search via Bocha.
  skill: name=bocha-search dir=bocha-search

[mcp] mcp:fetch "fetch" status=ready selected=true
  detail: uvx mcp-server-fetch
  mcp: name=fetch transport=stdio command=uvx args=[mcp-server-fetch] url= env={} headers={}

[mcp] mcp:web "web" status=ready selected=true
  detail: https://mcp.example.com/sse
  mcp: name=web transport=http command= args=[] url=https://mcp.example.com/sse env={} headers={}

[cron] cron:t1 "Daily plan" status=ready selected=true
  detail: 0 7 * * *
  cron: name=Daily plan schedule="0 7 * * *" tz= enabled=false prompt_sha=09fbc7435db6

[cron] cron:t2 "Stretch" status=ready selected=true
  detail: @every 1h
  cron: name=Stretch schedule="@every 1h" tz= enabled=false prompt_sha=c42c835e0b10

[cron] cron:t3 "Flight" status=unsupported selected=false
  reason: one-shot schedule

[cron] cron:t4 "Read schedule" status=unsupported selected=false
  reason: the task calls a CowAgent tool directly, not a prompt

[role] role:research-report "research-report" status=ready selected=true
  detail: Dig through web sources and return a sourced report.
  role: name=research-report title="research-report" model= prompt_sha=2e464ac431e9

[channel] channel:telegram "Telegram" status=ready selected=true secret
  channel: telegram {bot_token=••••oken}

[channel] channel:feishu "Feishu" status=needs_input selected=false secret input=app_secret
  detail: CowAgent used Feishu's long connection; Antares receives Feishu events on a webhook · not enabled in CowAgent
  reason: the app_secret could not be read
  channel: feishu {app_id=cli_FAKEapp}

[channel] channel:dingtalk "DingTalk" status=unsupported selected=false
  reason: Antares has no DingTalk gateway

[channel] channel:wechat "WeChat" status=unsupported selected=false
  reason: Antares has no WeChat gateway
